[2026-02-09T12:12:31.346Z] [INFO] Initializing browser... 
[2026-02-09T12:12:31.982Z] [INFO] Browser initialized 
[2026-02-09T12:12:31.982Z] [INFO] Scraping video detail: same-215 
[2026-02-09T12:12:37.952Z] [DEBUG] Found m3u8 URL {"url":"https://akuma-trstin.mushroomtrack.com/hls/5HTwbFq_zramvbeJe9U6HQ/1770649292/56000/56794/56794.m3u8"}
[2026-02-09T12:12:44.387Z] [DEBUG] Found m3u8 URL {"url":"https://edge-hls.saawsedge.com/hls/211197380/master/211197380_240p.m3u8"}
[2026-02-09T12:12:45.611Z] [DEBUG] Found m3u8 URL {"url":"https://media-hls.saawsedge.com/b-hls-30/211197380/211197380_240p.m3u8"}
[2026-02-09T12:12:47.893Z] [DEBUG] Found m3u8 URL {"url":"https://media-hls.saawsedge.com/b-hls-30/211197380/211197380_240p.m3u8"}
[2026-02-09T12:12:50.381Z] [DEBUG] Found m3u8 URL {"url":"https://media-hls.saawsedge.com/b-hls-30/211197380/211197380_240p.m3u8"}
[2026-02-09T12:12:52.659Z] [DEBUG] Found m3u8 URL {"url":"https://media-hls.saawsedge.com/b-hls-30/211197380/211197380_240p.m3u8"}
[2026-02-09T12:12:54.937Z] [DEBUG] Found m3u8 URL {"url":"https://media-hls.saawsedge.com/b-hls-30/211197380/211197380_240p.m3u8"}
[2026-02-09T12:12:57.378Z] [DEBUG] Found m3u8 URL {"url":"https://media-hls.saawsedge.com/b-hls-30/211197380/211197380_240p.m3u8"}
[2026-02-09T12:12:59.755Z] [DEBUG] Found m3u8 URL {"url":"https://media-hls.saawsedge.com/b-hls-30/211197380/211197380_240p.m3u8"}
[2026-02-09T12:13:02.076Z] [DEBUG] Found m3u8 URL {"url":"https://media-hls.saawsedge.com/b-hls-30/211197380/211197380_240p.m3u8"}
[2026-02-09T12:13:04.086Z] [DEBUG] Extracted stream URL {"url":"https://media-hls.saawsedge.com/b-hls-30/211197380/211197380_240p.m3u8"}
[2026-02-09T12:13:04.086Z] [INFO] Video detail scraped: SAME-215 剛失去最愛的雙親不久，巨乳妹子就被無差別強●了 小鈴蜜柑 {"id":"same-215"}
[2026-02-09T12:13:04.087Z] [INFO] Saved 1 videos to disk 
[2026-02-09T12:13:04.088Z] [INFO] Saved 0 categories to disk 
[2026-02-09T12:13:04.127Z] [INFO] Browser closed 
[2026-02-09T12:14:04.175Z] [INFO] Loaded 1 videos from disk 
[2026-02-09T12:14:04.177Z] [INFO] Loaded 0 categories from disk 
[2026-02-09T12:14:04.177Z] [INFO] Initializing browser... 
[2026-02-09T12:14:04.629Z] [INFO] Browser initialized 
[2026-02-09T12:14:04.629Z] [INFO] Scraping video detail: same-215 
[2026-02-09T12:14:08.509Z] [DEBUG] Found m3u8 URL {"url":"https://akuma-trstin.mushroomtrack.com/hls/5HTwbFq_zramvbeJe9U6HQ/1770649292/56000/56794/56794.m3u8"}
[2026-02-09T12:14:15.048Z] [DEBUG] Found m3u8 URL {"url":"https://edge-hls.saawsedge.com/hls/211197380/master/211197380_240p.m3u8"}
[2026-02-09T12:14:16.306Z] [DEBUG] Found m3u8 URL {"url":"https://media-hls.saawsedge.com/b-hls-30/211197380/211197380_240p.m3u8"}
[2026-02-09T12:14:18.718Z] [DEBUG] Found m3u8 URL {"url":"https://media-hls.saawsedge.com/b-hls-30/211197380/211197380_240p.m3u8"}
[2026-02-09T12:14:21.098Z] [DEBUG] Found m3u8 URL {"url":"https://media-hls.saawsedge.com/b-hls-30/211197380/211197380_240p.m3u8"}
[2026-02-09T12:14:23.428Z] [DEBUG] Found m3u8 URL {"url":"https://media-hls.saawsedge.com/b-hls-30/211197380/211197380_240p.m3u8"}
[2026-02-09T12:14:25.774Z] [DEBUG] Found m3u8 URL {"url":"https://media-hls.saawsedge.com/b-hls-30/211197380/211197380_240p.m3u8"}
[2026-02-09T12:14:28.056Z] [DEBUG] Found m3u8 URL {"url":"https://media-hls.saawsedge.com/b-hls-30/211197380/211197380_240p.m3u8"}
[2026-02-09T12:14:30.508Z] [DEBUG] Found m3u8 URL {"url":"https://media-hls.saawsedge.com/b-hls-30/211197380/211197380_240p.m3u8"}
[2026-02-09T12:14:32.866Z] [DEBUG] Found m3u8 URL {"url":"https://media-hls.saawsedge.com/b-hls-30/211197380/211197380_240p.m3u8"}
[2026-02-09T12:14:34.872Z] [DEBUG] Extracted stream URL {"url":"https://media-hls.saawsedge.com/b-hls-30/211197380/211197380_240p.m3u8"}
[2026-02-09T12:14:34.872Z] [INFO] Video detail scraped: SAME-215 剛失去最愛的雙親不久，巨乳妹子就被無差別強●了 小鈴蜜柑 {"id":"same-215"}
[2026-02-09T12:14:34.873Z] [INFO] Saved 1 videos to disk 
[2026-02-09T12:14:34.874Z] [INFO] Saved 0 categories to disk 
[2026-02-09T12:14:34.917Z] [INFO] Browser closed 
[2026-02-09T12:21:36.996Z] [INFO] Loaded 1 videos from disk 
[2026-02-09T12:21:36.998Z] [INFO] Loaded 0 categories from disk 
[2026-02-09T12:21:36.998Z] [INFO] Initializing browser... 
[2026-02-09T12:21:37.483Z] [INFO] Browser initialized 
[2026-02-09T12:21:37.484Z] [INFO] Scraping video detail: same-215 
[2026-02-09T12:21:41.685Z] [DEBUG] Found m3u8 URL {"url":"https://homi-doki-mani.mushroomtrack.com/hls/dwzVb6O0jb6YHs6NnJ0lTg/1770650194/56000/56794/56794.m3u8"}
[2026-02-09T12:21:49.116Z] [DEBUG] Found m3u8 URL {"url":"https://edge-hls.saawsedge.com/hls/211197380/master/211197380_240p.m3u8"}
[2026-02-09T12:21:50.426Z] [DEBUG] Found m3u8 URL {"url":"https://media-hls.saawsedge.com/b-hls-30/211197380/211197380_240p.m3u8"}
[2026-02-09T12:21:52.947Z] [DEBUG] Found m3u8 URL {"url":"https://media-hls.saawsedge.com/b-hls-30/211197380/211197380_240p.m3u8"}
[2026-02-09T12:21:55.445Z] [DEBUG] Found m3u8 URL {"url":"https://media-hls.saawsedge.com/b-hls-30/211197380/211197380_240p.m3u8"}
[2026-02-09T12:21:57.723Z] [DEBUG] Found m3u8 URL {"url":"https://media-hls.saawsedge.com/b-hls-30/211197380/211197380_240p.m3u8"}
[2026-02-09T12:21:59.998Z] [DEBUG] Found m3u8 URL {"url":"https://media-hls.saawsedge.com/b-hls-30/211197380/211197380_240p.m3u8"}
[2026-02-09T12:22:02.437Z] [DEBUG] Found m3u8 URL {"url":"https://media-hls.saawsedge.com/b-hls-30/211197380/211197380_240p.m3u8"}
[2026-02-09T12:22:04.713Z] [DEBUG] Found m3u8 URL {"url":"https://media-hls.saawsedge.com/b-hls-30/211197380/211197380_240p.m3u8"}
[2026-02-09T12:22:06.991Z] [DEBUG] Found m3u8 URL {"url":"https://media-hls.saawsedge.com/b-hls-30/211197380/211197380_240p.m3u8"}
[2026-02-09T12:22:09.000Z] [DEBUG] Extracted stream URL {"url":"https://media-hls.saawsedge.com/b-hls-30/211197380/211197380_240p.m3u8"}
[2026-02-09T12:22:09.000Z] [INFO] Video detail scraped: SAME-215 剛失去最愛的雙親不久，巨乳妹子就被無差別強●了 小鈴蜜柑 {"id":"same-215"}
[2026-02-09T12:22:09.001Z] [INFO] Saved 1 videos to disk 
[2026-02-09T12:22:09.001Z] [INFO] Saved 0 categories to disk 
[2026-02-09T12:22:09.036Z] [INFO] Browser closed 
[2026-02-09T12:24:33.892Z] [INFO] Loaded 1 videos from disk 
[2026-02-09T12:24:33.893Z] [INFO] Loaded 0 categories from disk 
[2026-02-09T12:24:33.893Z] [INFO] Initializing browser... 
[2026-02-09T12:24:34.321Z] [INFO] Browser initialized 
[2026-02-09T12:24:34.322Z] [INFO] Scraping video detail: same-215 
[2026-02-09T12:25:02.478Z] [DEBUG] Found m3u8 URL {"url":"https://edge-hls.saawsedge.com/hls/211197380/master/211197380_240p.m3u8"}
[2026-02-09T12:25:03.567Z] [DEBUG] Found m3u8 URL {"url":"https://media-hls.saawsedge.com/b-hls-30/211197380/211197380_240p.m3u8"}
[2026-02-09T12:25:04.324Z] [WARN] Attempt 1/3 failed {"error":"page.goto: Timeout 30000ms exceeded.\nCall log:\n\u001b[2m  - navigating to \"https://jable.tv/videos/same-215/\", waiting until \"networkidle\"\u001b[22m\n"}
[2026-02-09T12:25:05.850Z] [DEBUG] Found m3u8 URL {"url":"https://media-hls.saawsedge.com/b-hls-30/211197380/211197380_240p.m3u8"}
[2026-02-09T12:25:12.838Z] [DEBUG] Found m3u8 URL {"url":"https://edge-hls.saawsedge.com/hls/211197380/master/211197380_240p.m3u8"}
[2026-02-09T12:25:13.383Z] [DEBUG] Found m3u8 URL {"url":"https://media-hls.saawsedge.com/b-hls-30/211197380/211197380_240p.m3u8"}
[2026-02-09T12:25:15.675Z] [DEBUG] Found m3u8 URL {"url":"https://media-hls.saawsedge.com/b-hls-30/211197380/211197380_240p.m3u8"}
[2026-02-09T12:25:18.017Z] [DEBUG] Found m3u8 URL {"url":"https://media-hls.saawsedge.com/b-hls-30/211197380/211197380_240p.m3u8"}
[2026-02-09T12:25:20.554Z] [DEBUG] Found m3u8 URL {"url":"https://media-hls.saawsedge.com/b-hls-30/211197380/211197380_240p.m3u8"}
[2026-02-09T12:25:22.117Z] [DEBUG] Found m3u8 URL {"url":"https://homi-doki-mani.mushroomtrack.com/hls/dwzVb6O0jb6YHs6NnJ0lTg/1770650194/56000/56794/56794.m3u8"}
[2026-02-09T12:26:02.617Z] [WARN] No m3u8 URL found in network requests 
[2026-02-09T12:26:02.618Z] [INFO] Video detail scraped: SAME-215 剛失去最愛的雙親不久，巨乳妹子就被無差別強●了 小鈴蜜柑 {"id":"same-215"}
[2026-02-09T12:26:02.619Z] [INFO] Saved 1 videos to disk 
[2026-02-09T12:26:02.620Z] [INFO] Saved 0 categories to disk 
[2026-02-09T12:26:02.657Z] [INFO] Browser closed 
[2026-02-11T12:09:36.508Z] [INFO] Loaded 1 videos from disk 
[2026-02-11T12:09:36.510Z] [INFO] Loaded 0 categories from disk 
[2026-02-11T12:09:36.510Z] [INFO] Initializing browser... 
[2026-02-11T12:09:36.985Z] [INFO] Browser initialized 
[2026-02-11T12:09:36.985Z] [INFO] Scraping video detail: same-215 
[2026-02-11T12:09:40.594Z] [DEBUG] Found m3u8 URL {"url":"https://asutin-billion.mushroomtrack.com/hls/_Wrhzhy3ZzEIx2n1v_YBnA/1770822426/56000/56794/56794.m3u8"}
[2026-02-11T12:10:02.566Z] [DEBUG] Found m3u8 URL {"url":"https://edge-hls.saawsedge.com/hls/166819548/master/166819548_240p.m3u8"}
[2026-02-11T12:10:03.513Z] [DEBUG] Found m3u8 URL {"url":"https://media-hls.saawsedge.com/b-hls-08/166819548/166819548_240p.m3u8"}
[2026-02-11T12:10:05.751Z] [DEBUG] Found m3u8 URL {"url":"https://media-hls.saawsedge.com/b-hls-08/166819548/166819548_240p.m3u8"}
[2026-02-11T12:10:08.163Z] [DEBUG] Found m3u8 URL {"url":"https://media-hls.saawsedge.com/b-hls-08/166819548/166819548_240p.m3u8"}
[2026-02-11T12:10:10.560Z] [DEBUG] Found m3u8 URL {"url":"https://media-hls.saawsedge.com/b-hls-08/166819548/166819548_240p.m3u8"}
[2026-02-11T12:10:12.969Z] [DEBUG] Found m3u8 URL {"url":"https://media-hls.saawsedge.com/b-hls-08/166819548/166819548_240p.m3u8"}
[2026-02-11T12:10:15.371Z] [DEBUG] Found m3u8 URL {"url":"https://media-hls.saawsedge.com/b-hls-08/166819548/166819548_240p.m3u8"}
[2026-02-11T12:10:17.768Z] [DEBUG] Found m3u8 URL {"url":"https://media-hls.saawsedge.com/b-hls-08/166819548/166819548_240p.m3u8"}
[2026-02-11T12:10:20.000Z] [DEBUG] Found m3u8 URL {"url":"https://media-hls.saawsedge.com/b-hls-08/166819548/166819548_240p.m3u8"}
[2026-02-11T12:10:22.006Z] [INFO] Video detail scraped: SAME-215 剛失去最愛的雙親不久，巨乳妹子就被無差別強●了 小鈴蜜柑 {"id":"same-215"}
[2026-02-11T12:10:22.008Z] [INFO] Saved 1 videos to disk 
[2026-02-11T12:10:22.008Z] [INFO] Saved 0 categories to disk 
[2026-02-11T12:10:22.051Z] [INFO] Browser closed 
