[2026-02-08T10:50:43.618Z] [INFO] Initializing browser... 
[2026-02-08T10:50:43.844Z] [INFO] Browser initialized 
[2026-02-08T10:50:43.844Z] [INFO] Checking video: mmkz-161 
[2026-02-08T10:50:43.844Z] [INFO] Fetching video info: mmkz-161 
[2026-02-08T10:51:13.876Z] [ERROR] Failed to fetch video mmkz-161 {"error":"page.goto: Timeout 30000ms exceeded.\nCall log:\n  - navigating to \"https://jable.tv/videos/mmkz-161/\", waiting until \"networkidle\"\n"}
[2026-02-08T10:51:13.911Z] [INFO] Browser closed 
[2026-02-08T10:53:24.446Z] [INFO] Initializing browser... 
[2026-02-08T10:53:24.659Z] [INFO] Browser initialized 
[2026-02-08T10:53:24.659Z] [INFO] Checking video: mmkz-161 
[2026-02-08T10:53:24.659Z] [INFO] Fetching video info: mmkz-161 
[2026-02-08T10:53:34.730Z] [SUCCESS] Fetched video info: MMKZ-161 爆尻スゴい凄い！～ヒップ100cm以上限定！！志田水月 
[2026-02-08T10:53:34.730Z] [DEBUG] History saved 
[2026-02-08T10:53:34.730Z] [SUCCESS] Video updated: mmkz-161 {"changes":"","hasStreamChange":false}
[2026-02-08T10:53:34.746Z] [INFO] Browser closed 
[2026-02-08T10:53:50.407Z] [INFO] Loaded history for 1 videos 
[2026-02-08T10:53:50.408Z] [INFO] Initializing browser... 
[2026-02-08T10:53:50.626Z] [INFO] Browser initialized 
[2026-02-08T10:53:50.626Z] [INFO] Checking video: mmkz-161 
[2026-02-08T10:53:50.626Z] [INFO] Fetching video info: mmkz-161 
[2026-02-08T10:54:01.303Z] [SUCCESS] Fetched video info: MMKZ-161 爆尻スゴい凄い！～ヒップ100cm以上限定！！志田水月 
[2026-02-08T10:54:01.303Z] [DEBUG] History saved 
[2026-02-08T10:54:01.303Z] [SUCCESS] Video updated: mmkz-161 {"changes":"","hasStreamChange":false}
[2026-02-08T10:54:01.322Z] [INFO] Browser closed 
[2026-02-08T10:54:31.945Z] [INFO] Loaded history for 1 videos 
[2026-02-08T10:54:31.946Z] [INFO] Initializing browser... 
[2026-02-08T10:54:32.077Z] [INFO] Browser initialized 
[2026-02-08T10:54:32.077Z] [INFO] Generating update frequency report... 
[2026-02-08T10:54:32.078Z] [SUCCESS] Reports generated: data/update-monitor/reports/update-report-2026-02-08T10-54-32-077Z.json, data/update-monitor/reports/update-report-2026-02-08T10-54-32-077Z.md 
[2026-02-08T10:54:32.091Z] [INFO] Browser closed 
[2026-02-08T10:55:04.567Z] [INFO] Loaded history for 1 videos 
[2026-02-08T10:55:04.568Z] [INFO] Initializing browser... 
[2026-02-08T10:55:04.771Z] [INFO] Browser initialized 
[2026-02-08T10:55:04.771Z] [INFO] Added video to monitor: mmkz-159 
[2026-02-08T10:55:04.783Z] [INFO] Browser closed 
[2026-02-08T10:55:04.947Z] [INFO] Loaded history for 1 videos 
[2026-02-08T10:55:04.948Z] [INFO] Initializing browser... 
[2026-02-08T10:55:05.062Z] [INFO] Browser initialized 
[2026-02-08T10:55:05.062Z] [INFO] Checking video: mmkz-159 
[2026-02-08T10:55:05.062Z] [INFO] Fetching video info: mmkz-159 
[2026-02-08T10:55:14.716Z] [SUCCESS] Fetched video info: MMKZ-159 お姉さんの巨尻が猥褻過ぎて秒殺で悩殺！！真野祈 真北祈 
[2026-02-08T10:55:14.717Z] [DEBUG] History saved 
[2026-02-08T10:55:14.717Z] [SUCCESS] Video updated: mmkz-159 {"changes":"","hasStreamChange":false}
[2026-02-08T10:55:14.741Z] [INFO] Browser closed 
[2026-02-08T10:55:26.228Z] [INFO] Loaded history for 2 videos 
[2026-02-08T10:55:26.229Z] [INFO] Initializing browser... 
[2026-02-08T10:55:26.392Z] [INFO] Browser initialized 
[2026-02-08T10:55:26.407Z] [INFO] Browser closed 
[2026-02-08T10:57:16.692Z] [INFO] Loaded history for 2 videos 
[2026-02-08T10:57:16.693Z] [INFO] Initializing browser... 
[2026-02-08T10:57:16.894Z] [INFO] Browser initialized 
[2026-02-08T10:57:16.895Z] [INFO] Checking video: mmkz-161 
[2026-02-08T10:57:16.895Z] [INFO] Fetching video info: mmkz-161 
[2026-02-08T10:57:28.246Z] [SUCCESS] Fetched video info: MMKZ-161 爆尻スゴい凄い！～ヒップ100cm以上限定！！志田水月 
[2026-02-08T10:57:28.246Z] [DEBUG] History saved 
[2026-02-08T10:57:28.246Z] [SUCCESS] Video updated: mmkz-161 {"changes":"","hasStreamChange":false}
[2026-02-08T10:57:28.273Z] [INFO] Browser closed 
[2026-02-08T10:57:34.886Z] [INFO] Loaded history for 2 videos 
[2026-02-08T10:57:34.887Z] [INFO] Initializing browser... 
[2026-02-08T10:57:35.000Z] [INFO] Browser initialized 
[2026-02-08T10:57:35.012Z] [INFO] Browser closed 
[2026-02-08T10:59:17.961Z] [INFO] Loaded history for 2 videos 
[2026-02-08T10:59:17.962Z] [INFO] Initializing browser... 
[2026-02-08T10:59:18.164Z] [INFO] Browser initialized 
[2026-02-08T10:59:18.164Z] [INFO] Checking video: mmkz-161 
[2026-02-08T10:59:18.164Z] [INFO] Fetching video info: mmkz-161 
[2026-02-08T10:59:31.092Z] [SUCCESS] Fetched video info: MMKZ-161 爆尻スゴい凄い！～ヒップ100cm以上限定！！志田水月 
[2026-02-08T10:59:31.092Z] [DEBUG] History saved 
[2026-02-08T10:59:31.092Z] [SUCCESS] Video updated: mmkz-161 {"changes":"","hasStreamChange":false}
[2026-02-08T10:59:31.116Z] [INFO] Browser closed 
